// Bun Snapshot v1, https://bun.sh/docs/test/snapshots

exports[`WelcomeSplash animation modes renders idle mode (default) 1`] = `
"                                        ..:::=====-=====:::..
                                       ..::===---------===::..
                                      ..::===---+++++---===::..
                                      ..::==--+++***+++--==::..
                                      .::==--++*******++--==::.
                                     ..::==--++**###**++--==::..
                                     ..::==--++**###**++--==::..
                                      .::==--++*******++--==::.
                                      ..::==--+++***+++--==::..
                                      ..::===---+++++---===::..
                                       ..::===---------===::..

                                           talk to claude

                                      press enter to continue"
`;

exports[`WelcomeSplash animation modes renders idle mode explicitly 1`] = `
"                                        ..:::=====-=====:::..
                                       ..::===---------===::..
                                      ..::===---+++++---===::..
                                      ..::==--+++***+++--==::..
                                      .::==--++*******++--==::.
                                     ..::==--++**###**++--==::..
                                     ..::==--++**###**++--==::..
                                      .::==--++*******++--==::.
                                      ..::==--+++***+++--==::..
                                      ..::===---+++++---===::..
                                       ..::===---------===::..

                                           talk to claude

                                      press enter to continue"
`;

exports[`WelcomeSplash animation modes renders processing mode 1`] = `
"                                        ..:::=====-=====:::..
                                       ..::===---------===::..
                                      ..::===---+++++---===::..
                                      ..::==--+++***+++--==::..
                                      .::==--++*******++--==::.
                                     ..::==--++**###**++--==::..
                                     ..::==--++**###**++--==::..
                                      .::==--++*******++--==::.
                                      ..::==--+++***+++--==::..
                                      ..::===---+++++---===::..
                                       ..::===---------===::..

                                           talk to claude

                                      press enter to continue"
`;

exports[`WelcomeSplash animation modes renders speaking mode 1`] = `
"                                        ..:::=====-=====:::..
                                       ..::===---------===::..
                                      ..::===---+++++---===::..
                                      ..::==--+++***+++--==::..
                                      .::==--++*******++--==::.
                                     ..::==--++**###**++--==::..
                                     ..::==--++**###**++--==::..
                                      .::==--++*******++--==::.
                                      ..::==--+++***+++--==::..
                                      ..::===---+++++---===::..
                                       ..::===---------===::..

                                           talk to claude

                                      press enter to continue"
`;
